C51 COMPILER V9.60.0.0   KEY                                                               05/03/2022 23:46:36 PAGE 1   


C51 COMPILER V9.60.0.0, COMPILATION OF MODULE KEY
OBJECT MODULE PLACED IN .\Objects\KEY.obj
COMPILER INVOKED BY: D:\Keil\C51\BIN\C51.EXE Library\KEY\KEY.c COMPACT OPTIMIZE(8,SPEED) BROWSE INCDIR(.\Library\ADC;.\L
                    -ibrary\DHT11;.\Library\LCD;.\Library\STEP;.\Library\Show;.\Library\KEY;.\Library\MAX6675;.\Library\SIM800C) DEBUG OBJECT
                    -EXTEND PRINT(.\Listings\KEY.lst) TABS(2) OBJECT(.\Objects\KEY.obj)

line level    source

   1          #include "KEY.h"
   2          #include "STEP.h"
   3          #include "SIM800C.h"
   4          
   5          sbit OPEN_LED=P1^5;
   6          sbit OFF_LED=P1^6;
   7          
   8          
   9          
  10          char phoneNumberg[] = "17865677883";    //替换成需要被拨打电话的号码
  11          char msgg[] = "Gas flameout hazard warning";    //短信内容  
  12          
  13          //变量
  14          unsigned char key_switch_f=0;
  15          unsigned char key_state=1;    //状态
  16          //中断
  17          void IINT_INT()
  18          {
  19   1          IT1 = 1;                        //set INT1 int type (1:Falling only 0:Low level)
  20   1          EX1 = 1;                        //enable INT1 interrupt
  21   1      
  22   1          IT0 = 1;                        //set INT0 int type (1:Falling 0:Low level)
  23   1          EX0 = 1;                        //enable INT0 interrupt
  24   1          EA = 1;                         //open global interrupt switch
  25   1        
  26   1        
  27   1      }
  28          //初始化KEY
  29          
  30          void KEY_Inint()
  31          {
  32   1        
  33   1        IINT_INT(); //按键初始化
  34   1        
  35   1        
  36   1      }
  37          
  38          
  39          void exint0() interrupt 0           //(location at 0003H)
  40          {
  41   1          key_switch_f=1;
  42   1      }
  43          
  44          //External interrupt1 service routine
  45          void exint1() interrupt 2           //(location at 0013H)
  46          {
  47   1          key_switch_f=2;
  48   1      }
  49          void KEY_Scanf()
  50          {
  51   1      
  52   1        //打开阀门
  53   1        if(key_state==1)
C51 COMPILER V9.60.0.0   KEY                                                               05/03/2022 23:46:36 PAGE 2   

  54   1          {
  55   2            
  56   2            OFF_LED=0;
  57   2            OPEN_LED=1;
  58   2            if( key_switch_f ==1)
  59   2            {
  60   3        
  61   3            Go_Step();
  62   3            key_state=2;
  63   3             key_switch_f=0;
  64   3            }
  65   2          }
  66   1        
  67   1          
  68   1          
  69   1        //关闭阀门
  70   1        if(key_state==2)
  71   1          {
  72   2          OFF_LED=1;
  73   2          OPEN_LED=0;
  74   2          if( key_switch_f ==2)
  75   2          {
  76   3          
  77   3            Break_Step();
  78   3            key_state=1;
  79   3            key_switch_f=0;
  80   3          }
  81   2        }
  82   1      
  83   1        }
  84            


MODULE INFORMATION:   STATIC OVERLAYABLE
   CODE SIZE        =    117    ----
   CONSTANT SIZE    =   ----    ----
   XDATA SIZE       =   ----    ----
   PDATA SIZE       =     42    ----
   DATA SIZE        =   ----    ----
   IDATA SIZE       =   ----    ----
   BIT SIZE         =   ----    ----
END OF MODULE INFORMATION.


C51 COMPILATION COMPLETE.  0 WARNING(S),  0 ERROR(S)
